[
  {
    "xpath": "/html/body/div/text()",
    "srcs": [
      "<span>",
      "text value",
      "</span>"
    ]
  }
]
