[
  {
    "xpath": "/html/body/div/text()",
    "srcs": [
      "text value1",
      "<span>",
      "text value2",
      "<span>",
      "text value3",
      "<span>",
      "text value4",
      "</span>",
      "text value5",
      "</span>",
      "text value6",
      "</span>",
      "text value7"
    ]
  }
]
