[
  {
    "xpath": "/html/body/div/div/div/div/text()",
    "srcs": [
      "text value1"
    ]
  }
]
