[
  {
    "xpath": "/html/body/div/text()",
    "srcs": [
      "<span>",
      "<b>",
      "text value!",
      "</b>",
      "</span>"
    ]
  }
]
