[
  {
    "xpath": "/html/body/select/text()",
    "srcs": [
      "<option>",
      "text value1",
      "</option>",
      "<option>",
      "text value2",
      "</option>"
    ]
  }
]
