[
  {
    "xpath": "/html/body/div/text()",
    "srcs": [
      "<span>",
      "<a>",
      "text value1",
      "</a>",
      "</span>"
    ]
  },
  {
    "xpath": "/html/body/div/text()[2]",
    "srcs": [
      "<strong>",
      "<em>",
      "text value1",
      "</em>",
      "</strong>"
    ]
  }
]
