[
  {
    "xpath": "/html/body/p/text()",
    "srcs": [
      "This is &lt;a&gt; text value!"
    ]
  }
]
