[
  {
    "xpath": "/html/body/svg/text/text()",
    "srcs": [
      "text value!"
    ]
  }
]
