[
  {
    "xpath": "/html/body/div/text()",
    "srcs": [
      "<span>",
      "This is a",
      "<b wovn-ignore>",
      "</b>",
      "text value!",
      "</span>"
    ]
  }
]
